Checking file 01.e
Error at line 489: Spaces/Tabs used in paragraph
Error at line 647: Spaces/Tabs used in paragraph
Error at line 655: Spaces/Tabs used in paragraph
Error at line 740: Spaces/Tabs used in paragraph
Checking file 02.e
Checking file 03.e
Error at line 40: Spaces/Tabs used in paragraph
Checking file 04.e
Error at line 490: Spaces/Tabs used in paragraph
Checking file 05.esg
Error at line 156: Spaces used at head of paragraph
Error at line 165: Spaces used at head of paragraph
Error at line 409: Spaces used at head of paragraph
Error at line 419: Spaces used at head of paragraph
Error at line 423: Spaces used at head of paragraph
Error at line 502: Spaces used at head of paragraph
Error at line 513: Spaces used at head of paragraph
Error at line 523: Spaces used at head of paragraph
Error at line 532: Spaces used at head of paragraph
Error at line 541: Spaces used at head of paragraph
Error at line 553: Spaces used at head of paragraph
Error at line 565: Spaces used at head of paragraph
Error at line 579: Spaces used at head of paragraph
Checking file 06.e
Checking file 07.e
Error at line 224: Spaces/Tabs used in paragraph
Error at line 307: Spaces/Tabs used in paragraph
Checking file 08.e
Error at line 321: Spaces/Tabs used in paragraph
Checking file 09.e
Error at line 18: Spaces/Tabs used in paragraph
Error at line 84: Spaces/Tabs used in paragraph
Checking file 10.e
Error at line 503: Spaces/Tabs used in paragraph
Checking file 11.e
Error at line 185: Spaces/Tabs used in paragraph
Error at line 436: Spaces/Tabs used in paragraph
Error at line 459: Spaces/Tabs used in paragraph
Checking file 12.e
Error at line 161: Spaces/Tabs used in paragraph
Error at line 173: Spaces/Tabs used in paragraph
Error at line 763: Spaces/Tabs used in paragraph
Checking file 13.e
Error at line 107: Spaces/Tabs used in paragraph
Error at line 571: Spaces/Tabs used in paragraph
Error at line 637: First indent not five spaces
Error at line 654: First indent not five spaces
Checking file 14.e
Error at line 221: Spaces/Tabs used in paragraph
Error at line 417: Spaces/Tabs used in paragraph
Error at line 440: Spaces/Tabs used in paragraph
Error at line 932: Spaces/Tabs used in paragraph
Checking file 15.e
Error at line 152: Spaces/Tabs used in paragraph
Error at line 629: Spaces/Tabs used in paragraph
Checking file 16.e
Error at line 733: Spaces/Tabs used in paragraph
Checking file 17.e
Error at line 147: Spaces/Tabs used in paragraph
Checking file 18.e
Checking file 19.e
Error at line 491: Spaces/Tabs used in paragraph
Error at line 642: Spaces/Tabs used in paragraph
Error at line 684: Spaces/Tabs used in paragraph
Checking file 20.e
Checking file 21.e
Error at line 45: Spaces/Tabs used in paragraph
Error at line 222: Spaces/Tabs used in paragraph
Checking file 22.e
Checking file 23.e
Checking file 24.e
Error at line 91: Spaces/Tabs used in paragraph
Checking file 25.e
Error at line 458: Spaces/Tabs used in paragraph
Checking file 26.e
Error at line 475: Spaces/Tabs used in paragraph
Checking file 27.e
Error at line 455: Spaces/Tabs used in paragraph
Checking file 28.e
Error at line 142: Spaces/Tabs used in paragraph
Error at line 258: Spaces/Tabs used in paragraph
Error at line 775: Spaces/Tabs used in paragraph
Checking file 29.e
Error at line 22: Spaces/Tabs used in paragraph
Checking file 30.e
Error at line 347: Spaces/Tabs used in paragraph
Error at line 614: Spaces/Tabs used in paragraph
Checking file 31.e
Error at line 218: Spaces/Tabs used in paragraph
Error at line 292: Missing indentation
Checking file 32.e
Checking file 33.e
Error at line 299: Spaces/Tabs used in paragraph
Error at line 590: Spaces/Tabs used in paragraph
Error at line 834: Spaces/Tabs used in paragraph
Checking file 34.e
